src/components/TaskChecklist.tsx(4,3): error TS6133: 'ArrowLeft' is declared but its value is never read.
src/components/TaskChecklist.tsx(5,3): error TS6133: 'FileJson' is declared but its value is never read.
src/components/TaskChecklist.tsx(6,3): error TS6133: 'FileText' is declared but its value is never read.
src/components/TaskChecklist.tsx(7,3): error TS6133: 'FileSpreadsheet' is declared but its value is never read.
src/components/TaskChecklist.tsx(8,3): error TS6133: 'Download' is declared but its value is never read.
src/components/TaskChecklist.tsx(23,3): error TS6133: 'CheckSquare' is declared but its value is never read.
src/components/TaskChecklist.tsx(24,3): error TS6133: 'Square' is declared but its value is never read.
src/components/TaskChecklist.tsx(26,3): error TS6133: 'Share2' is declared but its value is never read.
src/components/TaskChecklist.tsx(37,10): error TS2724: '"@/services/exportService"' has no exported member named 'exportToJson'. Did you mean 'exportToJSON'?
src/components/TaskChecklist.tsx(37,24): error TS2724: '"@/services/exportService"' has no exported member named 'exportToPdf'. Did you mean 'exportToPDF'?
src/components/TaskChecklist.tsx(37,37): error TS2724: '"@/services/exportService"' has no exported member named 'exportToCsv'. Did you mean 'exportToCSV'?
src/components/TaskChecklist.tsx(46,67): error TS6133: 'fileName' is declared but its value is never read.
src/components/TaskChecklist.tsx(54,10): error TS6133: 'isExporting' is declared but its value is never read.
src/components/TaskChecklist.tsx(152,40): error TS2339: Property 'subtasks' does not exist on type 'TaskItem'.
src/components/TaskChecklist.tsx(152,54): error TS7006: Parameter 'subtask' implicitly has an 'any' type.
src/components/TaskChecklist.tsx(177,40): error TS2339: Property 'subtasks' does not exist on type 'TaskItem'.
src/components/TaskChecklist.tsx(177,54): error TS7006: Parameter 'subtask' implicitly has an 'any' type.
src/components/TaskChecklist.tsx(182,35): error TS7006: Parameter 'subtask' implicitly has an 'any' type.
src/components/TaskChecklist.tsx(207,16): error TS2339: Property 'subtasks' does not exist on type 'TaskItem'.
src/components/TaskChecklist.tsx(208,14): error TS2339: Property 'subtasks' does not exist on type 'TaskItem'.
src/components/TaskChecklist.tsx(208,31): error TS7006: Parameter 'subtask' implicitly has an 'any' type.
src/components/TaskChecklist.tsx(272,9): error TS6133: 'handleExport' is declared but its value is never read.
src/components/TaskChecklist.tsx(401,79): error TS2339: Property 'description' does not exist on type 'TaskGroup'.
src/components/TaskChecklist.tsx(452,41): error TS2339: Property 'subtasks' does not exist on type 'TaskItem'.
src/components/TaskChecklist.tsx(452,58): error TS2339: Property 'subtasks' does not exist on type 'TaskItem'.
src/components/TaskChecklist.tsx(455,45): error TS2339: Property 'subtasks' does not exist on type 'TaskItem'.
src/components/TaskChecklist.tsx(455,59): error TS7006: Parameter 'subtask' implicitly has an 'any' type.
src/components/TaskChecklist.tsx(472,41): error TS2339: Property 'dependencies' does not exist on type 'TaskItem'.
src/components/TaskChecklist.tsx(472,62): error TS2339: Property 'dependencies' does not exist on type 'TaskItem'.
src/components/TaskChecklist.tsx(476,47): error TS2339: Property 'dependencies' does not exist on type 'TaskItem'.
src/components/TaskChecklist.tsx(476,65): error TS7006: Parameter 'depId' implicitly has an 'any' type.
src/components/TaskChecklist.tsx(476,72): error TS7006: Parameter 'index' implicitly has an 'any' type.
src/components/TaskChecklist.tsx(506,38): error TS18048: 'task.tags' is possibly 'undefined'.
src/components/TaskChecklist.tsx(581,43): error TS2339: Property 'risks' does not exist on type 'AnalysisSummary'.
src/components/TaskChecklist.tsx(581,75): error TS2339: Property 'risks' does not exist on type 'AnalysisSummary'.
src/components/TaskChecklist.tsx(588,49): error TS2339: Property 'risks' does not exist on type 'AnalysisSummary'.
src/components/TaskChecklist.tsx(588,60): error TS7006: Parameter 'risk' implicitly has an 'any' type.
src/components/TaskChecklist.tsx(588,66): error TS7006: Parameter 'index' implicitly has an 'any' type.
src/components/TaskChecklist.tsx(601,43): error TS2339: Property 'recommendations' does not exist on type 'AnalysisSummary'.
src/components/TaskChecklist.tsx(601,85): error TS2339: Property 'recommendations' does not exist on type 'AnalysisSummary'.
src/components/TaskChecklist.tsx(608,49): error TS2339: Property 'recommendations' does not exist on type 'AnalysisSummary'.
src/components/TaskChecklist.tsx(608,70): error TS7006: Parameter 'recommendation' implicitly has an 'any' type.
src/components/TaskChecklist.tsx(608,86): error TS7006: Parameter 'index' implicitly has an 'any' type.
src/components/ui/calendar.tsx(55,20): error TS6133: '_props' is declared but its value is never read.
src/components/ui/calendar.tsx(56,21): error TS6133: '_props' is declared but its value is never read.
src/pages/Documents/DocumentViewer.tsx(79,15): error TS6133: 'data' is declared but its value is never read.
src/pages/TermsAcceptance.tsx(13,26): error TS2339: Property 'logout' does not exist on type 'AuthContextType'.
src/pages/VerifyEmailPage.tsx(11,17): error TS2339: Property 'logout' does not exist on type 'AuthContextType'.
